SQL> SELECT * FROM product
  2  WHERE "Product Name" LIKE '_a%' AND "Stock" > 50;

Product Id                Product Category Id       Vendor Id                 Product Name                                       Unit Price      Stock Description                                                                                                                                                                                                                                                                                                                                                                                                                                                                                                                                                                                                                                                              
------------------------- ------------------------- ------------------------- -------------------------------------------------- ---------- ---------- ------------------------------------------------------------------------------------------------------------------------------------------------------                                                                                                                                                                                                                                                                                                                                                                                                                                                                                                                   
p4                        pc4                       v1                        Earpods MAX                                               200         70 Listen, Relax, Escape the NOISE and ENJOY LIFE!!!                                                                                                                                                                                                                                                                                                                                                                                                                                                                                                                                                                                                                        
p7                        pc1                       v4                        Samsung Galaxy S38 ULTRA                                  900        100 Best phone in the market with 600x zoom. Best camera quality and zoom feature like telescope                                                                                                                                                                                                                                                                                                                                                                                                                                                                                                                                                                             

SQL> spool off;
