SQL> SELECT c.*
  2  FROM customer c
  3  JOIN customer_category cc ON c."Customer Category Id" = cc."Customer Category Id"
  4  WHERE cc."Customer Category Name" = 'Staff (S)';

Customer Id               Customer Category Id      Customer Name             Contact                   Address                                                                                                                                                                                                                                                                                                                                                                                                                                                                                                                                                                                                                                                                                                                 
------------------------- ------------------------- ------------------------- ------------------------- -------------------------                                                                                                                                                                                                                                                                                                                                                                                                                                                                                                                                                                                                                                                                                               
c4                        cc2                       Boa Hancock               +977-9865972167           Durbarmarg, Kathmandu                                                                                                                                                                                                                                                                                                                                                                                                                                                                                                                                                                                                                                                                                                   
c5                        cc2                       Anjan Giri                +977-9867336981           Pokhara-1, Kaski                                                                                                                                                                                                                                                                                                                                                                                                                                                                                                                                                                                                                                                                                                        

SQL> spool off;
