SQL> SELECT
  2  c."Customer Id",
  3  c."Customer Name",
  4  o."Order Id",
  5  o."Date",
  6  o."Quantity",
  7  o."Total Amount"
  8  FROM customer c
  9  LEFT JOIN product_customer_order pco ON c."Customer Id" = pco."Customer Id"
 10  LEFT JOIN "ORDER" o ON pco."Order Id" = o."Order Id"
 11  ORDER BY c."Customer Id", o."Order Id";

Customer Id               Customer Name             Order Id                  Date        Quantity Total Amount                                                                                                                                                                                                                                                                                                                                                                                                                                                                                                                                                                                                                                                                                                                 
------------------------- ------------------------- ------------------------- --------- ---------- ------------                                                                                                                                                                                                                                                                                                                                                                                                                                                                                                                                                                                                                                                                                                                 
c1                        Jon Snow                  o3                        12-MAY-23          2         1200                                                                                                                                                                                                                                                                                                                                                                                                                                                                                                                                                                                                                                                                                                                 
c2                        Robb Stark                o2                        22-MAR-23          8         7200                                                                                                                                                                                                                                                                                                                                                                                                                                                                                                                                                                                                                                                                                                                 
c3                        Nico Robin                o5                        15-JUL-23          1          900                                                                                                                                                                                                                                                                                                                                                                                                                                                                                                                                                                                                                                                                                                                 
c3                        Nico Robin                o6                        19-AUG-23          3         7500                                                                                                                                                                                                                                                                                                                                                                                                                                                                                                                                                                                                                                                                                                                 
c4                        Boa Hancock                                                                                                                                                                                                                                                                                                                                                                                                                                                                                                                                                                                                                                                                                                                                                                                           
c5                        Anjan Giri                o1                        03-JAN-23          5         5000                                                                                                                                                                                                                                                                                                                                                                                                                                                                                                                                                                                                                                                                                                                 
c6                        Jeff Bezos                o4                        25-MAY-23         15         3000                                                                                                                                                                                                                                                                                                                                                                                                                                                                                                                                                                                                                                                                                                                 
c6                        Jeff Bezos                o7                        26-NOV-23         12         3600                                                                                                                                                                                                                                                                                                                                                                                                                                                                                                                                                                                                                                                                                                                 
c7                        Megan Fox                                                                                                                                                                                                                                                                                                                                                                                                                                                                                                                                                                                                                                                                                                                                                                                             

9 rows selected.

SQL> spool off;
