SQL> SELECT v."Vendor Id", v."Vendor Name",
  2  COUNT(p."Product Id") AS Supplied_Products
  3  FROM vendor v
  4  JOIN product p ON v."Vendor Id" = p."Vendor Id"
  5  GROUP BY v."Vendor Id", v."Vendor Name"
  6  HAVING COUNT(p."Product Id") > 3;

Vendor Id                 Vendor Name               SUPPLIED_PRODUCTS                                                                                                                                                                                                                                                                                                                                                                                                                                                                                                                                                                                                                                                                                                                                                           
------------------------- ------------------------- -----------------                                                                                                                                                                                                                                                                                                                                                                                                                                                                                                                                                                                                                                                                                                                                                           
v1                        Apple                                     4                                                                                                                                                                                                                                                                                                                                                                                                                                                                                                                                                                                                                                                                                                                                                           

SQL> spool off;
