SQL> SELECT * FROM "ORDER"
  2  WHERE "Total Amount" >= (SELECT AVG("Total Amount") FROM "ORDER");

Order Id                  Invoice Id                Date        Quantity Total Amount                                                                                                                                                                                                                                                                                                                                                                                                                                                                                                                                                                                                                                                                                                                                           
------------------------- ------------------------- --------- ---------- ------------                                                                                                                                                                                                                                                                                                                                                                                                                                                                                                                                                                                                                                                                                                                                           
o1                        i1                        03-JAN-23          5         5000                                                                                                                                                                                                                                                                                                                                                                                                                                                                                                                                                                                                                                                                                                                                           
o2                        i2                        22-MAR-23          8         7200                                                                                                                                                                                                                                                                                                                                                                                                                                                                                                                                                                                                                                                                                                                                           
o6                        i3                        19-AUG-23          3         7500                                                                                                                                                                                                                                                                                                                                                                                                                                                                                                                                                                                                                                                                                                                                           

SQL> spool off;
